Archive member included to satisfy reference by file (symbol)

c:/program files (x86)/atmel/studio/7.0/toolchain/avr8/avr8-gnu-toolchain/bin/../lib/gcc/avr/5.4.0/../../../../avr/lib/avr5\libm.a(divsf3.o)
                              src/include/taskbase.o (__divsf3)
c:/program files (x86)/atmel/studio/7.0/toolchain/avr8/avr8-gnu-toolchain/bin/../lib/gcc/avr/5.4.0/../../../../avr/lib/avr5\libm.a(divsf3x.o)
                              c:/program files (x86)/atmel/studio/7.0/toolchain/avr8/avr8-gnu-toolchain/bin/../lib/gcc/avr/5.4.0/../../../../avr/lib/avr5\libm.a(divsf3.o) (__divsf3x)
c:/program files (x86)/atmel/studio/7.0/toolchain/avr8/avr8-gnu-toolchain/bin/../lib/gcc/avr/5.4.0/../../../../avr/lib/avr5\libm.a(floatsisf.o)
                              src/include/taskbase.o (__floatunsisf)
c:/program files (x86)/atmel/studio/7.0/toolchain/avr8/avr8-gnu-toolchain/bin/../lib/gcc/avr/5.4.0/../../../../avr/lib/avr5\libm.a(fp_inf.o)
                              c:/program files (x86)/atmel/studio/7.0/toolchain/avr8/avr8-gnu-toolchain/bin/../lib/gcc/avr/5.4.0/../../../../avr/lib/avr5\libm.a(divsf3x.o) (__fp_inf)
c:/program files (x86)/atmel/studio/7.0/toolchain/avr8/avr8-gnu-toolchain/bin/../lib/gcc/avr/5.4.0/../../../../avr/lib/avr5\libm.a(fp_nan.o)
                              c:/program files (x86)/atmel/studio/7.0/toolchain/avr8/avr8-gnu-toolchain/bin/../lib/gcc/avr/5.4.0/../../../../avr/lib/avr5\libm.a(divsf3x.o) (__fp_nan)
c:/program files (x86)/atmel/studio/7.0/toolchain/avr8/avr8-gnu-toolchain/bin/../lib/gcc/avr/5.4.0/../../../../avr/lib/avr5\libm.a(fp_pscA.o)
                              c:/program files (x86)/atmel/studio/7.0/toolchain/avr8/avr8-gnu-toolchain/bin/../lib/gcc/avr/5.4.0/../../../../avr/lib/avr5\libm.a(divsf3x.o) (__fp_pscA)
c:/program files (x86)/atmel/studio/7.0/toolchain/avr8/avr8-gnu-toolchain/bin/../lib/gcc/avr/5.4.0/../../../../avr/lib/avr5\libm.a(fp_pscB.o)
                              c:/program files (x86)/atmel/studio/7.0/toolchain/avr8/avr8-gnu-toolchain/bin/../lib/gcc/avr/5.4.0/../../../../avr/lib/avr5\libm.a(divsf3x.o) (__fp_pscB)
c:/program files (x86)/atmel/studio/7.0/toolchain/avr8/avr8-gnu-toolchain/bin/../lib/gcc/avr/5.4.0/../../../../avr/lib/avr5\libm.a(fp_round.o)
                              c:/program files (x86)/atmel/studio/7.0/toolchain/avr8/avr8-gnu-toolchain/bin/../lib/gcc/avr/5.4.0/../../../../avr/lib/avr5\libm.a(divsf3.o) (__fp_round)
c:/program files (x86)/atmel/studio/7.0/toolchain/avr8/avr8-gnu-toolchain/bin/../lib/gcc/avr/5.4.0/../../../../avr/lib/avr5\libm.a(fp_split3.o)
                              c:/program files (x86)/atmel/studio/7.0/toolchain/avr8/avr8-gnu-toolchain/bin/../lib/gcc/avr/5.4.0/../../../../avr/lib/avr5\libm.a(divsf3x.o) (__fp_split3)
c:/program files (x86)/atmel/studio/7.0/toolchain/avr8/avr8-gnu-toolchain/bin/../lib/gcc/avr/5.4.0/../../../../avr/lib/avr5\libm.a(fp_zero.o)
                              c:/program files (x86)/atmel/studio/7.0/toolchain/avr8/avr8-gnu-toolchain/bin/../lib/gcc/avr/5.4.0/../../../../avr/lib/avr5\libm.a(divsf3x.o) (__fp_szero)
c:/program files (x86)/atmel/studio/7.0/toolchain/avr8/avr8-gnu-toolchain/bin/../lib/gcc/avr/5.4.0/avr5\libgcc.a(_udivmodsi4.o)
                              src/include/base232.o (__udivmodsi4)
c:/program files (x86)/atmel/studio/7.0/toolchain/avr8/avr8-gnu-toolchain/bin/../lib/gcc/avr/5.4.0/avr5\libgcc.a(_exit.o)
                              C:/Program Files (x86)/Atmel/Studio/7.0/Packs/atmel/ATmega_DFP/1.2.209/gcc/dev/atmega64/avr5/crtatmega64.o (exit)
c:/program files (x86)/atmel/studio/7.0/toolchain/avr8/avr8-gnu-toolchain/bin/../lib/gcc/avr/5.4.0/avr5\libgcc.a(_tablejump2.o)
                              src/include/emstream.o (__tablejump2__)
c:/program files (x86)/atmel/studio/7.0/toolchain/avr8/avr8-gnu-toolchain/bin/../lib/gcc/avr/5.4.0/avr5\libgcc.a(_copy_data.o)
                              src/ATMega/fifth_wheel.o (__do_copy_data)
c:/program files (x86)/atmel/studio/7.0/toolchain/avr8/avr8-gnu-toolchain/bin/../lib/gcc/avr/5.4.0/avr5\libgcc.a(_clear_bss.o)
                              src/include/baseshare.o (__do_clear_bss)
c:/program files (x86)/atmel/studio/7.0/toolchain/avr8/avr8-gnu-toolchain/bin/../lib/gcc/avr/5.4.0/../../../../avr/lib/avr5\libc.a(strncpy.o)
                              src/include/Adafruit_BNO055.o (strncpy)

Discarded input sections

 .data          0x00000000        0x0 C:/Program Files (x86)/Atmel/Studio/7.0/Packs/atmel/ATmega_DFP/1.2.209/gcc/dev/atmega64/avr5/crtatmega64.o
 .bss           0x00000000        0x0 C:/Program Files (x86)/Atmel/Studio/7.0/Packs/atmel/ATmega_DFP/1.2.209/gcc/dev/atmega64/avr5/crtatmega64.o
 .group         0x00000000        0x8 src/ATMega/fifth_wheel.o
 .text          0x00000000        0x0 src/ATMega/fifth_wheel.o
 .data          0x00000000        0x0 src/ATMega/fifth_wheel.o
 .bss           0x00000000        0x0 src/ATMega/fifth_wheel.o
 .text._ZN11fifth_wheelC2EPKchjP8emstreamP17semi_truck_data_t
                0x00000000       0x58 src/ATMega/fifth_wheel.o
 .text._ZN11fifth_wheel10lock_servoEv
                0x00000000       0x1e src/ATMega/fifth_wheel.o
 .text._ZN11fifth_wheel12unlock_servoEv
                0x00000000       0x1c src/ATMega/fifth_wheel.o
 .text._ZN11fifth_wheel3runEv
                0x00000000       0x3a src/ATMega/fifth_wheel.o
 .rodata._ZTV11fifth_wheel
                0x00000000        0x8 src/ATMega/fifth_wheel.o
 .debug_info    0x00000000      0x5f5 src/ATMega/fifth_wheel.o
 .debug_abbrev  0x00000000      0x24a src/ATMega/fifth_wheel.o
 .debug_loc     0x00000000      0x2b1 src/ATMega/fifth_wheel.o
 .debug_aranges
                0x00000000       0x38 src/ATMega/fifth_wheel.o
 .debug_ranges  0x00000000       0x28 src/ATMega/fifth_wheel.o
 .debug_line    0x00000000      0x236 src/ATMega/fifth_wheel.o
 .debug_str     0x00000000      0x51a src/ATMega/fifth_wheel.o
 .comment       0x00000000       0x31 src/ATMega/fifth_wheel.o
 .debug_frame   0x00000000       0xa4 src/ATMega/fifth_wheel.o
 .group         0x00000000        0x8 src/ATMega/gear_shifter.o
 .text          0x00000000        0x0 src/ATMega/gear_shifter.o
 .data          0x00000000        0x0 src/ATMega/gear_shifter.o
 .bss           0x00000000        0x0 src/ATMega/gear_shifter.o
 .text._ZN12gear_shifter14shift_to_firstEv
                0x00000000       0x1e src/ATMega/gear_shifter.o
 .text._ZN12gear_shifterC2EPKchjP8emstreamP17semi_truck_data_t
                0x00000000       0x64 src/ATMega/gear_shifter.o
 .text._ZN12gear_shifter15shift_to_secondEv
                0x00000000       0x1e src/ATMega/gear_shifter.o
 .text._ZN12gear_shifter14shift_to_thirdEv
                0x00000000       0x1e src/ATMega/gear_shifter.o
 .text._ZN12gear_shifter3runEv
                0x00000000       0xb4 src/ATMega/gear_shifter.o
 .text._ZN12gear_shifter16get_actual_levelEv
                0x00000000        0x6 src/ATMega/gear_shifter.o
 .text._ZN12gear_shifter17set_desired_levelEh
                0x00000000        0xe src/ATMega/gear_shifter.o
 .rodata._ZTV12gear_shifter
                0x00000000        0x8 src/ATMega/gear_shifter.o
 .debug_info    0x00000000      0x77d src/ATMega/gear_shifter.o
 .debug_abbrev  0x00000000      0x24c src/ATMega/gear_shifter.o
 .debug_loc     0x00000000      0x3a1 src/ATMega/gear_shifter.o
 .debug_aranges
                0x00000000       0x50 src/ATMega/gear_shifter.o
 .debug_ranges  0x00000000       0x40 src/ATMega/gear_shifter.o
 .debug_line    0x00000000      0x303 src/ATMega/gear_shifter.o
 .debug_str     0x00000000      0x5d6 src/ATMega/gear_shifter.o
 .comment       0x00000000       0x31 src/ATMega/gear_shifter.o
 .debug_frame   0x00000000       0xfc src/ATMega/gear_shifter.o
 .group         0x00000000        0x8 src/ATMega/imu_task.o
 .group         0x00000000        0xc src/ATMega/imu_task.o
 .group         0x00000000        0x8 src/ATMega/imu_task.o
 .text          0x00000000        0x0 src/ATMega/imu_task.o
 .data          0x00000000        0x0 src/ATMega/imu_task.o
 .bss           0x00000000        0x0 src/ATMega/imu_task.o
 .text._ZN15Adafruit_Sensor15enableAutoRangeEb
                0x00000000        0x2 src/ATMega/imu_task.o
 .text._ZN8imu_taskD2Ev
                0x00000000        0x4 src/ATMega/imu_task.o
 .text._ZN8imu_task3runEv
                0x00000000       0x86 src/ATMega/imu_task.o
 .text._ZN8imu_taskD0Ev
                0x00000000        0xe src/ATMega/imu_task.o
 .text._ZN8imu_taskC2EPKchjP8emstreammhP17semi_truck_data_t
                0x00000000       0x66 src/ATMega/imu_task.o
 .rodata._ZTV8imu_task
                0x00000000       0x1a src/ATMega/imu_task.o
 .debug_info    0x00000000      0xc97 src/ATMega/imu_task.o
 .debug_abbrev  0x00000000      0x3b9 src/ATMega/imu_task.o
 .debug_loc     0x00000000      0x304 src/ATMega/imu_task.o
 .debug_aranges
                0x00000000       0x40 src/ATMega/imu_task.o
 .debug_ranges  0x00000000       0x30 src/ATMega/imu_task.o
 .debug_line    0x00000000      0x268 src/ATMega/imu_task.o
 .debug_str     0x00000000     0x1293 src/ATMega/imu_task.o
 .comment       0x00000000       0x31 src/ATMega/imu_task.o
 .debug_frame   0x00000000       0xf4 src/ATMega/imu_task.o
 .group         0x00000000        0x8 src/ATMega/motor_driver.o
 .text          0x00000000        0x0 src/ATMega/motor_driver.o
 .data          0x00000000        0x0 src/ATMega/motor_driver.o
 .bss           0x00000000        0x0 src/ATMega/motor_driver.o
 .text._ZN12motor_driver3runEv
                0x00000000        0x2 src/ATMega/motor_driver.o
 .text._ZN12motor_driverC2EPKchjP8emstreamP17semi_truck_data_t
                0x00000000       0x2c src/ATMega/motor_driver.o
 .rodata._ZTV12motor_driver
                0x00000000        0x8 src/ATMega/motor_driver.o
 .debug_info    0x00000000      0x348 src/ATMega/motor_driver.o
 .debug_abbrev  0x00000000      0x195 src/ATMega/motor_driver.o
 .debug_loc     0x00000000      0x153 src/ATMega/motor_driver.o
 .debug_aranges
                0x00000000       0x28 src/ATMega/motor_driver.o
 .debug_ranges  0x00000000       0x18 src/ATMega/motor_driver.o
 .debug_line    0x00000000      0x1ab src/ATMega/motor_driver.o
 .debug_str     0x00000000      0x3a6 src/ATMega/motor_driver.o
 .comment       0x00000000       0x31 src/ATMega/motor_driver.o
 .debug_frame   0x00000000       0x54 src/ATMega/motor_driver.o
 .text          0x00000000        0x0 src/ATMega/Servo.o
 .data          0x00000000        0x0 src/ATMega/Servo.o
 .bss           0x00000000        0x0 src/ATMega/Servo.o
 .debug_line    0x00000000        0x0 src/ATMega/Servo.o
 .debug_str     0x00000000      0x145 src/ATMega/Servo.o
 .comment       0x00000000       0x31 src/ATMega/Servo.o
 .group         0x00000000        0x8 src/ATMega/steer_servo.o
 .text          0x00000000        0x0 src/ATMega/steer_servo.o
 .data          0x00000000        0x0 src/ATMega/steer_servo.o
 .bss           0x00000000        0x0 src/ATMega/steer_servo.o
 .text._ZN11steer_servo3runEv
                0x00000000       0x18 src/ATMega/steer_servo.o
 .text._ZN11steer_servoC2EPKchjP8emstreamP17semi_truck_data_t
                0x00000000       0x6e src/ATMega/steer_servo.o
 .text._ZN11steer_servo18set_steering_levelEi
                0x00000000       0x10 src/ATMega/steer_servo.o
 .text._ZN11steer_servo18get_steering_levelEv
                0x00000000       0x10 src/ATMega/steer_servo.o
 .rodata._ZTV11steer_servo
                0x00000000        0x8 src/ATMega/steer_servo.o
 .debug_info    0x00000000      0x5b5 src/ATMega/steer_servo.o
 .debug_abbrev  0x00000000      0x20e src/ATMega/steer_servo.o
 .debug_loc     0x00000000      0x235 src/ATMega/steer_servo.o
 .debug_aranges
                0x00000000       0x38 src/ATMega/steer_servo.o
 .debug_ranges  0x00000000       0x28 src/ATMega/steer_servo.o
 .debug_line    0x00000000      0x1f9 src/ATMega/steer_servo.o
 .debug_str     0x00000000      0x536 src/ATMega/steer_servo.o
 .comment       0x00000000       0x31 src/ATMega/steer_servo.o
 .debug_frame   0x00000000       0x98 src/ATMega/steer_servo.o
 .group         0x00000000        0x8 src/ATMega/wheel_speed.o
 .text          0x00000000        0x0 src/ATMega/wheel_speed.o
 .data          0x00000000        0x0 src/ATMega/wheel_speed.o
 .bss           0x00000000        0x0 src/ATMega/wheel_speed.o
 .text._ZN11wheel_speed3runEv
                0x00000000        0x2 src/ATMega/wheel_speed.o
 .text._ZN11wheel_speedC2EPKchjP8emstreamP17semi_truck_data_t
                0x00000000       0x2c src/ATMega/wheel_speed.o
 .rodata._ZTV11wheel_speed
                0x00000000        0x8 src/ATMega/wheel_speed.o
 .debug_info    0x00000000      0x348 src/ATMega/wheel_speed.o
 .debug_abbrev  0x00000000      0x195 src/ATMega/wheel_speed.o
 .debug_loc     0x00000000      0x153 src/ATMega/wheel_speed.o
 .debug_aranges
                0x00000000       0x28 src/ATMega/wheel_speed.o
 .debug_ranges  0x00000000       0x18 src/ATMega/wheel_speed.o
 .debug_line    0x00000000      0x1a9 src/ATMega/wheel_speed.o
 .debug_str     0x00000000      0x394 src/ATMega/wheel_speed.o
 .comment       0x00000000       0x31 src/ATMega/wheel_speed.o
 .debug_frame   0x00000000       0x54 src/ATMega/wheel_speed.o
 .group         0x00000000        0x8 src/config/mega/boards/stk600/rcx_x/init.o
 .group         0x00000000        0x8 src/config/mega/boards/stk600/rcx_x/init.o
 .group         0x00000000        0x8 src/config/mega/boards/stk600/rcx_x/init.o
 .group         0x00000000        0x8 src/config/mega/boards/stk600/rcx_x/init.o
 .group         0x00000000        0x8 src/config/mega/boards/stk600/rcx_x/init.o
 .group         0x00000000        0x8 src/config/mega/boards/stk600/rcx_x/init.o
 .group         0x00000000        0x8 src/config/mega/boards/stk600/rcx_x/init.o
 .group         0x00000000        0x8 src/config/mega/boards/stk600/rcx_x/init.o
 .group         0x00000000        0x8 src/config/mega/boards/stk600/rcx_x/init.o
 .group         0x00000000        0x8 src/config/mega/boards/stk600/rcx_x/init.o
 .group         0x00000000        0x8 src/config/mega/boards/stk600/rcx_x/init.o
 .group         0x00000000        0x8 src/config/mega/boards/stk600/rcx_x/init.o
 .group         0x00000000        0x8 src/config/mega/boards/stk600/rcx_x/init.o
 .group         0x00000000        0x8 src/config/mega/boards/stk600/rcx_x/init.o
 .group         0x00000000        0x8 src/config/mega/boards/stk600/rcx_x/init.o
 .group         0x00000000        0x8 src/config/mega/boards/stk600/rcx_x/init.o
 .group         0x00000000        0x8 src/config/mega/boards/stk600/rcx_x/init.o
 .group         0x00000000        0x8 src/config/mega/boards/stk600/rcx_x/init.o
 .group         0x00000000        0x8 src/config/mega/boards/stk600/rcx_x/init.o
 .group         0x00000000        0x8 src/config/mega/boards/stk600/rcx_x/init.o
 .group         0x00000000        0x8 src/config/mega/boards/stk600/rcx_x/init.o
 .group         0x00000000        0x8 src/config/mega/boards/stk600/rcx_x/init.o
 .group         0x00000000        0x8 src/config/mega/boards/stk600/rcx_x/init.o
 .group         0x00000000        0x8 src/config/mega/boards/stk600/rcx_x/init.o
 .group         0x00000000        0x8 src/config/mega/boards/stk600/rcx_x/init.o
 .text          0x00000000        0x0 src/config/mega/boards/stk600/rcx_x/init.o
 .data          0x00000000        0x0 src/config/mega/boards/stk600/rcx_x/init.o
 .bss           0x00000000        0x0 src/config/mega/boards/stk600/rcx_x/init.o
 .group         0x00000000        0x8 src/include/Adafruit_BNO055.o
 .group         0x00000000        0xc src/include/Adafruit_BNO055.o
 .group         0x00000000        0x8 src/include/Adafruit_BNO055.o
 .text          0x00000000        0x0 src/include/Adafruit_BNO055.o
 .data          0x00000000        0x0 src/include/Adafruit_BNO055.o
 .bss           0x00000000        0x0 src/include/Adafruit_BNO055.o
 .text._ZN15Adafruit_Sensor15enableAutoRangeEb
                0x00000000        0x2 src/include/Adafruit_BNO055.o
 .text._ZN15Adafruit_BNO055D2Ev
                0x00000000        0x2 src/include/Adafruit_BNO055.o
 .rodata.str1.1
                0x00000000        0x7 src/include/Adafruit_BNO055.o
 .text._ZN15Adafruit_BNO0559getSensorEP8sensor_t
                0x00000000       0x8a src/include/Adafruit_BNO055.o
 .text._ZN15Adafruit_BNO055D0Ev
                0x00000000        0x6 src/include/Adafruit_BNO055.o
 .text._ZN15Adafruit_BNO055C2Elh
                0x00000000       0x16 src/include/Adafruit_BNO055.o
 .text._ZN15Adafruit_BNO0557setModeENS_24adafruit_bno055_opmode_tE
                0x00000000       0x12 src/include/Adafruit_BNO055.o
 .text._ZN15Adafruit_BNO0555beginENS_24adafruit_bno055_opmode_tE
                0x00000000       0x10 src/include/Adafruit_BNO055.o
 .text._ZN15Adafruit_BNO05512setAxisRemapENS_35adafruit_bno055_axis_remap_config_tE
                0x00000000       0x44 src/include/Adafruit_BNO055.o
 .text._ZN15Adafruit_BNO05511setAxisSignENS_33adafruit_bno055_axis_remap_sign_tE
                0x00000000       0x44 src/include/Adafruit_BNO055.o
 .text._ZN15Adafruit_BNO05516setExtCrystalUseEb
                0x00000000       0x44 src/include/Adafruit_BNO055.o
 .text._ZN15Adafruit_BNO05515getSystemStatusEPhS0_S0_
                0x00000000       0x2c src/include/Adafruit_BNO055.o
 .text._ZN15Adafruit_BNO05510getRevInfoEPNS_26adafruit_bno055_rev_info_tE
                0x00000000       0x1a src/include/Adafruit_BNO055.o
 .text._ZN15Adafruit_BNO05514getCalibrationEPhS0_S0_S0_
                0x00000000       0x32 src/include/Adafruit_BNO055.o
 .text._ZN15Adafruit_BNO0557getTempEv
                0x00000000        0x4 src/include/Adafruit_BNO055.o
 .text._ZN15Adafruit_BNO0559getVectorENS_22adafruit_vector_type_tE
                0x00000000       0xca src/include/Adafruit_BNO055.o
 .text._ZN15Adafruit_BNO0558getEventEP15sensors_event_t
                0x00000000       0xb0 src/include/Adafruit_BNO055.o
 .text._ZN15Adafruit_BNO0557getQuatEv
                0x00000000       0x24 src/include/Adafruit_BNO055.o
 .text._ZN15Adafruit_BNO05516setSensorOffsetsEPKh
                0x00000000       0x2c src/include/Adafruit_BNO055.o
 .text._ZN15Adafruit_BNO05516setSensorOffsetsERK25adafruit_bno055_offsets_t
                0x00000000       0x2c src/include/Adafruit_BNO055.o
 .text._ZN15Adafruit_BNO05517isFullyCalibratedEv
                0x00000000       0x66 src/include/Adafruit_BNO055.o
 .text._ZN15Adafruit_BNO05516getSensorOffsetsER25adafruit_bno055_offsets_t
                0x00000000       0x76 src/include/Adafruit_BNO055.o
 .text._ZN15Adafruit_BNO05516getSensorOffsetsEPh
                0x00000000       0x32 src/include/Adafruit_BNO055.o
 .text._ZN15Adafruit_BNO0556write8ENS_21adafruit_bno055_reg_tEc
                0x00000000        0x4 src/include/Adafruit_BNO055.o
 .text._ZN15Adafruit_BNO0555read8ENS_21adafruit_bno055_reg_tE
                0x00000000        0x4 src/include/Adafruit_BNO055.o
 .text._ZN15Adafruit_BNO0557readLenENS_21adafruit_bno055_reg_tEPch
                0x00000000        0x4 src/include/Adafruit_BNO055.o
 .rodata._ZTV15Adafruit_BNO055
                0x00000000        0xe src/include/Adafruit_BNO055.o
 .debug_info    0x00000000     0x2d36 src/include/Adafruit_BNO055.o
 .debug_abbrev  0x00000000      0x556 src/include/Adafruit_BNO055.o
 .debug_loc     0x00000000      0xa13 src/include/Adafruit_BNO055.o
 .debug_aranges
                0x00000000       0xe0 src/include/Adafruit_BNO055.o
 .debug_ranges  0x00000000       0xd0 src/include/Adafruit_BNO055.o
 .debug_line    0x00000000      0x641 src/include/Adafruit_BNO055.o
 .debug_str     0x00000000     0x2da3 src/include/Adafruit_BNO055.o
 .comment       0x00000000       0x31 src/include/Adafruit_BNO055.o
 .debug_frame   0x00000000      0x290 src/include/Adafruit_BNO055.o
 .text          0x00000000        0x0 src/include/base232.o
 .data          0x00000000        0x0 src/include/base232.o
 .bss           0x00000000        0x0 src/include/base232.o
 .text._ZN7base232C2Ejh
                0x00000000      0x102 src/include/base232.o
 .text._ZN7base23213ready_to_sendEv
                0x00000000       0x1c src/include/base232.o
 .text._ZN7base23210is_sendingEv
                0x00000000       0x1c src/include/base232.o
 .debug_info    0x00000000      0x205 src/include/base232.o
 .debug_abbrev  0x00000000      0x13b src/include/base232.o
 .debug_loc     0x00000000      0x146 src/include/base232.o
 .debug_aranges
                0x00000000       0x30 src/include/base232.o
 .debug_ranges  0x00000000       0x20 src/include/base232.o
 .debug_line    0x00000000      0x12b src/include/base232.o
 .debug_str     0x00000000      0x277 src/include/base232.o
 .comment       0x00000000       0x31 src/include/base232.o
 .debug_frame   0x00000000       0x58 src/include/base232.o
 .group         0x00000000        0x8 src/include/baseshare.o
 .text          0x00000000        0x0 src/include/baseshare.o
 .data          0x00000000        0x0 src/include/baseshare.o
 .bss           0x00000000        0x0 src/include/baseshare.o
 .text._ZN9BaseShareC2EPKc
                0x00000000       0x70 src/include/baseshare.o
 .text._Z16print_all_sharesP8emstream
                0x00000000       0x88 src/include/baseshare.o
 .rodata._ZTV9BaseShare
                0x00000000        0x6 src/include/baseshare.o
 .progmem.something
                0x00000000       0x64 src/include/baseshare.o
 .bss._ZN9BaseShare8p_newestE
                0x00000000        0x2 src/include/baseshare.o
 .debug_info    0x00000000      0x4ff src/include/baseshare.o
 .debug_abbrev  0x00000000      0x273 src/include/baseshare.o
 .debug_loc     0x00000000      0x1d6 src/include/baseshare.o
 .debug_aranges
                0x00000000       0x28 src/include/baseshare.o
 .debug_ranges  0x00000000       0x18 src/include/baseshare.o
 .debug_line    0x00000000      0x176 src/include/baseshare.o
 .debug_str     0x00000000      0x3db src/include/baseshare.o
 .comment       0x00000000       0x31 src/include/baseshare.o
 .debug_frame   0x00000000       0x68 src/include/baseshare.o
 .group         0x00000000        0x8 src/include/emstream.o
 .text          0x00000000        0x0 src/include/emstream.o
 .data          0x00000000        0x0 src/include/emstream.o
 .bss           0x00000000        0x0 src/include/emstream.o
 .text._ZN8emstream13ready_to_sendEv
                0x00000000        0x4 src/include/emstream.o
 .text._ZN8emstream7getcharEv
                0x00000000        0x4 src/include/emstream.o
 .text._ZN8emstream14check_for_charEv
                0x00000000        0x4 src/include/emstream.o
 .text._ZN8emstream12transmit_nowEv
                0x00000000        0x2 src/include/emstream.o
 .text._ZN8emstream12clear_screenEv
                0x00000000       0x12 src/include/emstream.o
 .text._ZN8emstreamC2Ev
                0x00000000       0x16 src/include/emstream.o
 .text._ZN8emstream4putsEPKc
                0x00000000        0x2 src/include/emstream.o
 .text._Z12setprecisionh
                0x00000000        0xe src/include/emstream.o
 .text._Z7setbaseh
                0x00000000       0x10 src/include/emstream.o
 .text._ZN8emstreamlsE15ser_manipulator
                0x00000000       0x90 src/include/emstream.o
 .progmem.gcc_sw_table._ZN8emstreamlsE15ser_manipulator
                0x00000000       0x18 src/include/emstream.o
 .rodata._ZTV8emstream
                0x00000000       0x10 src/include/emstream.o
 .data.bts_new_base
                0x00000000        0x1 src/include/emstream.o
 .data.bts_new_prec
                0x00000000        0x1 src/include/emstream.o
 .debug_info    0x00000000      0x7d2 src/include/emstream.o
 .debug_abbrev  0x00000000      0x296 src/include/emstream.o
 .debug_loc     0x00000000      0x1d2 src/include/emstream.o
 .debug_aranges
                0x00000000       0x68 src/include/emstream.o
 .debug_ranges  0x00000000       0x58 src/include/emstream.o
 .debug_line    0x00000000      0x21f src/include/emstream.o
 .debug_str     0x00000000      0x59a src/include/emstream.o
 .comment       0x00000000       0x31 src/include/emstream.o
 .debug_frame   0x00000000       0xc0 src/include/emstream.o
 .text          0x00000000        0x0 src/include/i2c_master.o
 .data          0x00000000        0x0 src/include/i2c_master.o
 .bss           0x00000000        0x0 src/include/i2c_master.o
 .rodata.str1.1
                0x00000000       0x3c src/include/i2c_master.o
 .text._ZN10i2c_masterC2EP8emstream
                0x00000000       0x40 src/include/i2c_master.o
 .text._ZN10i2c_master5startEv
                0x00000000       0x36 src/include/i2c_master.o
 .text._ZN10i2c_master7restartEv
                0x00000000       0x92 src/include/i2c_master.o
 .text._ZN10i2c_master10write_byteEh
                0x00000000       0x76 src/include/i2c_master.o
 .text._ZN10i2c_master9read_byteEb
                0x00000000       0x50 src/include/i2c_master.o
 .text._ZN10i2c_master4readEhh
                0x00000000       0xd2 src/include/i2c_master.o
 .text._ZN10i2c_master4readEhhPhh
                0x00000000      0x118 src/include/i2c_master.o
 .text._ZN10i2c_master5writeEhhh
                0x00000000       0x9e src/include/i2c_master.o
 .text._ZN10i2c_master5writeEhhPhh
                0x00000000      0x124 src/include/i2c_master.o
 .text._ZN10i2c_master9check_SDAEv
                0x00000000        0x8 src/include/i2c_master.o
 .text._ZN10i2c_master4pingEh
                0x00000000       0x4e src/include/i2c_master.o
 .text._ZN10i2c_master4scanEP8emstream
                0x00000000       0xce src/include/i2c_master.o
 .progmem.something
                0x00000000       0x3f src/include/i2c_master.o
 .debug_info    0x00000000     0x1417 src/include/i2c_master.o
 .debug_abbrev  0x00000000      0x319 src/include/i2c_master.o
 .debug_loc     0x00000000      0xe68 src/include/i2c_master.o
 .debug_aranges
                0x00000000       0x78 src/include/i2c_master.o
 .debug_ranges  0x00000000       0xe0 src/include/i2c_master.o
 .debug_line    0x00000000      0x666 src/include/i2c_master.o
 .debug_str     0x00000000      0x5f1 src/include/i2c_master.o
 .comment       0x00000000       0x31 src/include/i2c_master.o
 .debug_frame   0x00000000      0x1d4 src/include/i2c_master.o
 .text          0x00000000        0x0 src/include/mechutil.o
 .data          0x00000000        0x0 src/include/mechutil.o
 .bss           0x00000000        0x0 src/include/mechutil.o
 .text._Znwj    0x00000000        0x6 src/include/mechutil.o
 .text._ZdlPv   0x00000000        0xa src/include/mechutil.o
 .text._Znaj    0x00000000        0x6 src/include/mechutil.o
 .text._ZdaPv   0x00000000        0xa src/include/mechutil.o
 .text.__cxa_guard_acquire
                0x00000000       0x12 src/include/mechutil.o
 .text.__cxa_guard_release
                0x00000000        0x8 src/include/mechutil.o
 .text.__cxa_guard_abort
                0x00000000        0x2 src/include/mechutil.o
 .text.__cxa_pure_virtual
                0x00000000        0x2 src/include/mechutil.o
 .debug_info    0x00000000      0x244 src/include/mechutil.o
 .debug_abbrev  0x00000000      0x11f src/include/mechutil.o
 .debug_loc     0x00000000       0xc0 src/include/mechutil.o
 .debug_aranges
                0x00000000       0x58 src/include/mechutil.o
 .debug_ranges  0x00000000       0x48 src/include/mechutil.o
 .debug_line    0x00000000      0x197 src/include/mechutil.o
 .debug_str     0x00000000      0x282 src/include/mechutil.o
 .comment       0x00000000       0x31 src/include/mechutil.o
 .debug_frame   0x00000000       0x94 src/include/mechutil.o
 .group         0x00000000        0x8 src/include/rs232int.o
 .text          0x00000000        0x0 src/include/rs232int.o
 .data          0x00000000        0x0 src/include/rs232int.o
 .bss           0x00000000        0x0 src/include/rs232int.o
 .text._ZN5rs2327putcharEc
                0x00000000       0x42 src/include/rs232int.o
 .text._ZN5rs2327getcharEv
                0x00000000       0x8c src/include/rs232int.o
 .text._ZN5rs23214check_for_charEv
                0x00000000       0x40 src/include/rs232int.o
 .text._ZN5rs23212clear_screenEv
                0x00000000       0x12 src/include/rs232int.o
 .text._ZN5rs232C2Ejh
                0x00000000       0x88 src/include/rs232int.o
 .rodata._ZTV5rs232
                0x00000000       0x10 src/include/rs232int.o
 .group         0x00000000        0x8 src/include/taskbase.o
 .text          0x00000000        0x0 src/include/taskbase.o
 .data          0x00000000        0x0 src/include/taskbase.o
 .bss           0x00000000        0x0 src/include/taskbase.o
 .text._ZN8TaskBaseC2EPKchjP8emstream
                0x00000000      0x134 src/include/taskbase.o
 .text._ZN8TaskBase22_call_users_run_methodEPS_
                0x00000000       0x1e src/include/taskbase.o
 .text._call_static_run_method
                0x00000000        0x4 src/include/taskbase.o
 .text._ZN8TaskBase13transition_toEh
                0x00000000        0x8 src/include/taskbase.o
 .text._ZN8TaskBase15emergency_resetEPKc
                0x00000000       0x2a src/include/taskbase.o
 .text._Z19get_tick_time_floatv
                0x00000000       0x16 src/include/taskbase.o
 .progmem.something
                0x00000000       0x34 src/include/taskbase.o
 .bss.last_created_task_pointer
                0x00000000        0x2 src/include/taskbase.o
 .debug_info    0x00000000      0x8ce src/include/taskbase.o
 .debug_abbrev  0x00000000      0x311 src/include/taskbase.o
 .debug_loc     0x00000000      0x3fc src/include/taskbase.o
 .debug_aranges
                0x00000000       0x48 src/include/taskbase.o
 .debug_ranges  0x00000000       0x38 src/include/taskbase.o
 .debug_line    0x00000000      0x2f6 src/include/taskbase.o
 .debug_str     0x00000000      0x4f9 src/include/taskbase.o
 .comment       0x00000000       0x31 src/include/taskbase.o
 .debug_frame   0x00000000       0xc4 src/include/taskbase.o
 .text          0x00000000        0x0 src/include/taskbase_stackprt.o
 .data          0x00000000        0x0 src/include/taskbase_stackprt.o
 .bss           0x00000000        0x0 src/include/taskbase_stackprt.o
 .text._ZN8TaskBase19print_stack_in_listEP8emstream
                0x00000000       0x74 src/include/taskbase_stackprt.o
 .text._Z17print_task_stacksP8emstream
                0x00000000       0x58 src/include/taskbase_stackprt.o
 .progmem.something
                0x00000000       0x12 src/include/taskbase_stackprt.o
 .debug_info    0x00000000      0x499 src/include/taskbase_stackprt.o
 .debug_abbrev  0x00000000      0x1ef src/include/taskbase_stackprt.o
 .debug_loc     0x00000000      0x1e0 src/include/taskbase_stackprt.o
 .debug_aranges
                0x00000000       0x28 src/include/taskbase_stackprt.o
 .debug_ranges  0x00000000       0x18 src/include/taskbase_stackprt.o
 .debug_line    0x00000000      0x183 src/include/taskbase_stackprt.o
 .debug_str     0x00000000      0x416 src/include/taskbase_stackprt.o
 .comment       0x00000000       0x31 src/include/taskbase_stackprt.o
 .debug_frame   0x00000000       0x70 src/include/taskbase_stackprt.o
 .group         0x00000000        0x8 src/include/taskbase_status.o
 .text          0x00000000        0x0 src/include/taskbase_status.o
 .data          0x00000000        0x0 src/include/taskbase_status.o
 .bss           0x00000000        0x0 src/include/taskbase_status.o
 .text._ZN8TaskBase12print_statusER8emstream
                0x00000000      0x120 src/include/taskbase_status.o
 .text._ZlsR8emstreamR8TaskBase
                0x00000000       0x20 src/include/taskbase_status.o
 .text._ZN8TaskBase20print_status_in_listEP8emstream
                0x00000000       0x32 src/include/taskbase_status.o
 .text._Z15print_task_listP8emstream
                0x00000000      0x122 src/include/taskbase_status.o
 .rodata._ZTV8TaskBase
                0x00000000        0x8 src/include/taskbase_status.o
 .progmem.something
                0x00000000       0x73 src/include/taskbase_status.o
 .debug_info    0x00000000     0x10db src/include/taskbase_status.o
 .debug_abbrev  0x00000000      0x345 src/include/taskbase_status.o
 .debug_loc     0x00000000      0x52e src/include/taskbase_status.o
 .debug_aranges
                0x00000000       0x38 src/include/taskbase_status.o
 .debug_ranges  0x00000000       0x28 src/include/taskbase_status.o
 .debug_line    0x00000000      0x361 src/include/taskbase_status.o
 .debug_str     0x00000000      0x9c1 src/include/taskbase_status.o
 .comment       0x00000000       0x31 src/include/taskbase_status.o
 .debug_frame   0x00000000       0xc4 src/include/taskbase_status.o
 .group         0x00000000        0x8 src/include/textqueue.o
 .group         0x00000000        0x8 src/include/textqueue.o
 .group         0x00000000        0x8 src/include/textqueue.o
 .group         0x00000000        0x8 src/include/textqueue.o
 .text          0x00000000        0x0 src/include/textqueue.o
 .data          0x00000000        0x0 src/include/textqueue.o
 .bss           0x00000000        0x0 src/include/textqueue.o
 .rodata.str1.1
                0x00000000        0x7 src/include/textqueue.o
 .text._ZN9TextQueue13print_in_listEP8emstream
                0x00000000       0xd0 src/include/textqueue.o
 .text._ZThn6_N9TextQueue13print_in_listEP8emstream
                0x00000000        0x8 src/include/textqueue.o
 .text._ZN9TextQueue7getcharEv
                0x00000000       0x38 src/include/textqueue.o
 .text._ZN9TextQueue14check_for_charEv
                0x00000000       0x16 src/include/textqueue.o
 .text._ZN9TextQueue7putcharEc
                0x00000000       0x32 src/include/textqueue.o
 .text._ZN9TextQueueC2EjPKcP8emstreamm
                0x00000000       0x88 src/include/textqueue.o
 .rodata._ZTV9TextQueue
                0x00000000       0x18 src/include/textqueue.o
 .debug_info    0x00000000      0x896 src/include/textqueue.o
 .debug_abbrev  0x00000000      0x2f3 src/include/textqueue.o
 .debug_loc     0x00000000      0x510 src/include/textqueue.o
 .debug_aranges
                0x00000000       0x40 src/include/textqueue.o
 .debug_ranges  0x00000000       0x30 src/include/textqueue.o
 .debug_line    0x00000000      0x1f8 src/include/textqueue.o
 .debug_str     0x00000000      0x5d7 src/include/textqueue.o
 .comment       0x00000000       0x31 src/include/textqueue.o
 .debug_frame   0x00000000      0x11c src/include/textqueue.o
 .text          0x00000000        0x0 src/main.o
 .data          0x00000000        0x0 src/main.o
 .bss           0x00000000        0x0 src/main.o
 .text          0x00000000        0x0 src/main_mega.o
 .data          0x00000000        0x0 src/main_mega.o
 .bss           0x00000000        0x0 src/main_mega.o
 .debug_info    0x00000000       0xeb src/main_mega.o
 .debug_abbrev  0x00000000       0x82 src/main_mega.o
 .debug_aranges
                0x00000000       0x18 src/main_mega.o
 .debug_line    0x00000000       0xdb src/main_mega.o
 .debug_str     0x00000000      0x226 src/main_mega.o
 .comment       0x00000000       0x31 src/main_mega.o
 .text          0x00000000        0x0 c:/program files (x86)/atmel/studio/7.0/toolchain/avr8/avr8-gnu-toolchain/bin/../lib/gcc/avr/5.4.0/../../../../avr/lib/avr5\libm.a(divsf3.o)
 .data          0x00000000        0x0 c:/program files (x86)/atmel/studio/7.0/toolchain/avr8/avr8-gnu-toolchain/bin/../lib/gcc/avr/5.4.0/../../../../avr/lib/avr5\libm.a(divsf3.o)
 .bss           0x00000000        0x0 c:/program files (x86)/atmel/studio/7.0/toolchain/avr8/avr8-gnu-toolchain/bin/../lib/gcc/avr/5.4.0/../../../../avr/lib/avr5\libm.a(divsf3.o)
 .text.avr-libc.fplib
                0x00000000        0x8 c:/program files (x86)/atmel/studio/7.0/toolchain/avr8/avr8-gnu-toolchain/bin/../lib/gcc/avr/5.4.0/../../../../avr/lib/avr5\libm.a(divsf3.o)
 .text          0x00000000        0x0 c:/program files (x86)/atmel/studio/7.0/toolchain/avr8/avr8-gnu-toolchain/bin/../lib/gcc/avr/5.4.0/../../../../avr/lib/avr5\libm.a(divsf3x.o)
 .data          0x00000000        0x0 c:/program files (x86)/atmel/studio/7.0/toolchain/avr8/avr8-gnu-toolchain/bin/../lib/gcc/avr/5.4.0/../../../../avr/lib/avr5\libm.a(divsf3x.o)
 .bss           0x00000000        0x0 c:/program files (x86)/atmel/studio/7.0/toolchain/avr8/avr8-gnu-toolchain/bin/../lib/gcc/avr/5.4.0/../../../../avr/lib/avr5\libm.a(divsf3x.o)
 .text.avr-libc.fplib
                0x00000000       0xdc c:/program files (x86)/atmel/studio/7.0/toolchain/avr8/avr8-gnu-toolchain/bin/../lib/gcc/avr/5.4.0/../../../../avr/lib/avr5\libm.a(divsf3x.o)
 .text          0x00000000        0x0 c:/program files (x86)/atmel/studio/7.0/toolchain/avr8/avr8-gnu-toolchain/bin/../lib/gcc/avr/5.4.0/../../../../avr/lib/avr5\libm.a(floatsisf.o)
 .data          0x00000000        0x0 c:/program files (x86)/atmel/studio/7.0/toolchain/avr8/avr8-gnu-toolchain/bin/../lib/gcc/avr/5.4.0/../../../../avr/lib/avr5\libm.a(floatsisf.o)
 .bss           0x00000000        0x0 c:/program files (x86)/atmel/studio/7.0/toolchain/avr8/avr8-gnu-toolchain/bin/../lib/gcc/avr/5.4.0/../../../../avr/lib/avr5\libm.a(floatsisf.o)
 .text.avr-libc.fplib
                0x00000000       0x7a c:/program files (x86)/atmel/studio/7.0/toolchain/avr8/avr8-gnu-toolchain/bin/../lib/gcc/avr/5.4.0/../../../../avr/lib/avr5\libm.a(floatsisf.o)
 .text          0x00000000        0x0 c:/program files (x86)/atmel/studio/7.0/toolchain/avr8/avr8-gnu-toolchain/bin/../lib/gcc/avr/5.4.0/../../../../avr/lib/avr5\libm.a(fp_inf.o)
 .data          0x00000000        0x0 c:/program files (x86)/atmel/studio/7.0/toolchain/avr8/avr8-gnu-toolchain/bin/../lib/gcc/avr/5.4.0/../../../../avr/lib/avr5\libm.a(fp_inf.o)
 .bss           0x00000000        0x0 c:/program files (x86)/atmel/studio/7.0/toolchain/avr8/avr8-gnu-toolchain/bin/../lib/gcc/avr/5.4.0/../../../../avr/lib/avr5\libm.a(fp_inf.o)
 .text.avr-libc.fplib
                0x00000000        0xc c:/program files (x86)/atmel/studio/7.0/toolchain/avr8/avr8-gnu-toolchain/bin/../lib/gcc/avr/5.4.0/../../../../avr/lib/avr5\libm.a(fp_inf.o)
 .text          0x00000000        0x0 c:/program files (x86)/atmel/studio/7.0/toolchain/avr8/avr8-gnu-toolchain/bin/../lib/gcc/avr/5.4.0/../../../../avr/lib/avr5\libm.a(fp_nan.o)
 .data          0x00000000        0x0 c:/program files (x86)/atmel/studio/7.0/toolchain/avr8/avr8-gnu-toolchain/bin/../lib/gcc/avr/5.4.0/../../../../avr/lib/avr5\libm.a(fp_nan.o)
 .bss           0x00000000        0x0 c:/program files (x86)/atmel/studio/7.0/toolchain/avr8/avr8-gnu-toolchain/bin/../lib/gcc/avr/5.4.0/../../../../avr/lib/avr5\libm.a(fp_nan.o)
 .text.avr-libc.fplib
                0x00000000        0x6 c:/program files (x86)/atmel/studio/7.0/toolchain/avr8/avr8-gnu-toolchain/bin/../lib/gcc/avr/5.4.0/../../../../avr/lib/avr5\libm.a(fp_nan.o)
 .text          0x00000000        0x0 c:/program files (x86)/atmel/studio/7.0/toolchain/avr8/avr8-gnu-toolchain/bin/../lib/gcc/avr/5.4.0/../../../../avr/lib/avr5\libm.a(fp_pscA.o)
 .data          0x00000000        0x0 c:/program files (x86)/atmel/studio/7.0/toolchain/avr8/avr8-gnu-toolchain/bin/../lib/gcc/avr/5.4.0/../../../../avr/lib/avr5\libm.a(fp_pscA.o)
 .bss           0x00000000        0x0 c:/program files (x86)/atmel/studio/7.0/toolchain/avr8/avr8-gnu-toolchain/bin/../lib/gcc/avr/5.4.0/../../../../avr/lib/avr5\libm.a(fp_pscA.o)
 .text.avr-libc.fplib
                0x00000000        0xe c:/program files (x86)/atmel/studio/7.0/toolchain/avr8/avr8-gnu-toolchain/bin/../lib/gcc/avr/5.4.0/../../../../avr/lib/avr5\libm.a(fp_pscA.o)
 .text          0x00000000        0x0 c:/program files (x86)/atmel/studio/7.0/toolchain/avr8/avr8-gnu-toolchain/bin/../lib/gcc/avr/5.4.0/../../../../avr/lib/avr5\libm.a(fp_pscB.o)
 .data          0x00000000        0x0 c:/program files (x86)/atmel/studio/7.0/toolchain/avr8/avr8-gnu-toolchain/bin/../lib/gcc/avr/5.4.0/../../../../avr/lib/avr5\libm.a(fp_pscB.o)
 .bss           0x00000000        0x0 c:/program files (x86)/atmel/studio/7.0/toolchain/avr8/avr8-gnu-toolchain/bin/../lib/gcc/avr/5.4.0/../../../../avr/lib/avr5\libm.a(fp_pscB.o)
 .text.avr-libc.fplib
                0x00000000        0xe c:/program files (x86)/atmel/studio/7.0/toolchain/avr8/avr8-gnu-toolchain/bin/../lib/gcc/avr/5.4.0/../../../../avr/lib/avr5\libm.a(fp_pscB.o)
 .text          0x00000000        0x0 c:/program files (x86)/atmel/studio/7.0/toolchain/avr8/avr8-gnu-toolchain/bin/../lib/gcc/avr/5.4.0/../../../../avr/lib/avr5\libm.a(fp_round.o)
 .data          0x00000000        0x0 c:/program files (x86)/atmel/studio/7.0/toolchain/avr8/avr8-gnu-toolchain/bin/../lib/gcc/avr/5.4.0/../../../../avr/lib/avr5\libm.a(fp_round.o)
 .bss           0x00000000        0x0 c:/program files (x86)/atmel/studio/7.0/toolchain/avr8/avr8-gnu-toolchain/bin/../lib/gcc/avr/5.4.0/../../../../avr/lib/avr5\libm.a(fp_round.o)
 .text.avr-libc.fplib
                0x00000000       0x22 c:/program files (x86)/atmel/studio/7.0/toolchain/avr8/avr8-gnu-toolchain/bin/../lib/gcc/avr/5.4.0/../../../../avr/lib/avr5\libm.a(fp_round.o)
 .text          0x00000000        0x0 c:/program files (x86)/atmel/studio/7.0/toolchain/avr8/avr8-gnu-toolchain/bin/../lib/gcc/avr/5.4.0/../../../../avr/lib/avr5\libm.a(fp_split3.o)
 .data          0x00000000        0x0 c:/program files (x86)/atmel/studio/7.0/toolchain/avr8/avr8-gnu-toolchain/bin/../lib/gcc/avr/5.4.0/../../../../avr/lib/avr5\libm.a(fp_split3.o)
 .bss           0x00000000        0x0 c:/program files (x86)/atmel/studio/7.0/toolchain/avr8/avr8-gnu-toolchain/bin/../lib/gcc/avr/5.4.0/../../../../avr/lib/avr5\libm.a(fp_split3.o)
 .text.avr-libc.fplib
                0x00000000       0x44 c:/program files (x86)/atmel/studio/7.0/toolchain/avr8/avr8-gnu-toolchain/bin/../lib/gcc/avr/5.4.0/../../../../avr/lib/avr5\libm.a(fp_split3.o)
 .text          0x00000000        0x0 c:/program files (x86)/atmel/studio/7.0/toolchain/avr8/avr8-gnu-toolchain/bin/../lib/gcc/avr/5.4.0/../../../../avr/lib/avr5\libm.a(fp_zero.o)
 .data          0x00000000        0x0 c:/program files (x86)/atmel/studio/7.0/toolchain/avr8/avr8-gnu-toolchain/bin/../lib/gcc/avr/5.4.0/../../../../avr/lib/avr5\libm.a(fp_zero.o)
 .bss           0x00000000        0x0 c:/program files (x86)/atmel/studio/7.0/toolchain/avr8/avr8-gnu-toolchain/bin/../lib/gcc/avr/5.4.0/../../../../avr/lib/avr5\libm.a(fp_zero.o)
 .text.avr-libc.fplib
                0x00000000        0xe c:/program files (x86)/atmel/studio/7.0/toolchain/avr8/avr8-gnu-toolchain/bin/../lib/gcc/avr/5.4.0/../../../../avr/lib/avr5\libm.a(fp_zero.o)
 .text          0x00000000        0x0 c:/program files (x86)/atmel/studio/7.0/toolchain/avr8/avr8-gnu-toolchain/bin/../lib/gcc/avr/5.4.0/avr5\libgcc.a(_udivmodsi4.o)
 .data          0x00000000        0x0 c:/program files (x86)/atmel/studio/7.0/toolchain/avr8/avr8-gnu-toolchain/bin/../lib/gcc/avr/5.4.0/avr5\libgcc.a(_udivmodsi4.o)
 .bss           0x00000000        0x0 c:/program files (x86)/atmel/studio/7.0/toolchain/avr8/avr8-gnu-toolchain/bin/../lib/gcc/avr/5.4.0/avr5\libgcc.a(_udivmodsi4.o)
 .text.libgcc.mul
                0x00000000        0x0 c:/program files (x86)/atmel/studio/7.0/toolchain/avr8/avr8-gnu-toolchain/bin/../lib/gcc/avr/5.4.0/avr5\libgcc.a(_udivmodsi4.o)
 .text.libgcc.div
                0x00000000       0x44 c:/program files (x86)/atmel/studio/7.0/toolchain/avr8/avr8-gnu-toolchain/bin/../lib/gcc/avr/5.4.0/avr5\libgcc.a(_udivmodsi4.o)
 .text.libgcc   0x00000000        0x0 c:/program files (x86)/atmel/studio/7.0/toolchain/avr8/avr8-gnu-toolchain/bin/../lib/gcc/avr/5.4.0/avr5\libgcc.a(_udivmodsi4.o)
 .text.libgcc.prologue
                0x00000000        0x0 c:/program files (x86)/atmel/studio/7.0/toolchain/avr8/avr8-gnu-toolchain/bin/../lib/gcc/avr/5.4.0/avr5\libgcc.a(_udivmodsi4.o)
 .text.libgcc.builtins
                0x00000000        0x0 c:/program files (x86)/atmel/studio/7.0/toolchain/avr8/avr8-gnu-toolchain/bin/../lib/gcc/avr/5.4.0/avr5\libgcc.a(_udivmodsi4.o)
 .text.libgcc.fmul
                0x00000000        0x0 c:/program files (x86)/atmel/studio/7.0/toolchain/avr8/avr8-gnu-toolchain/bin/../lib/gcc/avr/5.4.0/avr5\libgcc.a(_udivmodsi4.o)
 .text.libgcc.fixed
                0x00000000        0x0 c:/program files (x86)/atmel/studio/7.0/toolchain/avr8/avr8-gnu-toolchain/bin/../lib/gcc/avr/5.4.0/avr5\libgcc.a(_udivmodsi4.o)
 .text          0x00000000        0x0 c:/program files (x86)/atmel/studio/7.0/toolchain/avr8/avr8-gnu-toolchain/bin/../lib/gcc/avr/5.4.0/avr5\libgcc.a(_exit.o)
 .data          0x00000000        0x0 c:/program files (x86)/atmel/studio/7.0/toolchain/avr8/avr8-gnu-toolchain/bin/../lib/gcc/avr/5.4.0/avr5\libgcc.a(_exit.o)
 .bss           0x00000000        0x0 c:/program files (x86)/atmel/studio/7.0/toolchain/avr8/avr8-gnu-toolchain/bin/../lib/gcc/avr/5.4.0/avr5\libgcc.a(_exit.o)
 .text.libgcc.mul
                0x00000000        0x0 c:/program files (x86)/atmel/studio/7.0/toolchain/avr8/avr8-gnu-toolchain/bin/../lib/gcc/avr/5.4.0/avr5\libgcc.a(_exit.o)
 .text.libgcc.div
                0x00000000        0x0 c:/program files (x86)/atmel/studio/7.0/toolchain/avr8/avr8-gnu-toolchain/bin/../lib/gcc/avr/5.4.0/avr5\libgcc.a(_exit.o)
 .text.libgcc   0x00000000        0x0 c:/program files (x86)/atmel/studio/7.0/toolchain/avr8/avr8-gnu-toolchain/bin/../lib/gcc/avr/5.4.0/avr5\libgcc.a(_exit.o)
 .text.libgcc.prologue
                0x00000000        0x0 c:/program files (x86)/atmel/studio/7.0/toolchain/avr8/avr8-gnu-toolchain/bin/../lib/gcc/avr/5.4.0/avr5\libgcc.a(_exit.o)
 .text.libgcc.builtins
                0x00000000        0x0 c:/program files (x86)/atmel/studio/7.0/toolchain/avr8/avr8-gnu-toolchain/bin/../lib/gcc/avr/5.4.0/avr5\libgcc.a(_exit.o)
 .text.libgcc.fmul
                0x00000000        0x0 c:/program files (x86)/atmel/studio/7.0/toolchain/avr8/avr8-gnu-toolchain/bin/../lib/gcc/avr/5.4.0/avr5\libgcc.a(_exit.o)
 .text.libgcc.fixed
                0x00000000        0x0 c:/program files (x86)/atmel/studio/7.0/toolchain/avr8/avr8-gnu-toolchain/bin/../lib/gcc/avr/5.4.0/avr5\libgcc.a(_exit.o)
 .text          0x00000000        0x0 c:/program files (x86)/atmel/studio/7.0/toolchain/avr8/avr8-gnu-toolchain/bin/../lib/gcc/avr/5.4.0/avr5\libgcc.a(_tablejump2.o)
 .data          0x00000000        0x0 c:/program files (x86)/atmel/studio/7.0/toolchain/avr8/avr8-gnu-toolchain/bin/../lib/gcc/avr/5.4.0/avr5\libgcc.a(_tablejump2.o)
 .bss           0x00000000        0x0 c:/program files (x86)/atmel/studio/7.0/toolchain/avr8/avr8-gnu-toolchain/bin/../lib/gcc/avr/5.4.0/avr5\libgcc.a(_tablejump2.o)
 .text.libgcc.mul
                0x00000000        0x0 c:/program files (x86)/atmel/studio/7.0/toolchain/avr8/avr8-gnu-toolchain/bin/../lib/gcc/avr/5.4.0/avr5\libgcc.a(_tablejump2.o)
 .text.libgcc.div
                0x00000000        0x0 c:/program files (x86)/atmel/studio/7.0/toolchain/avr8/avr8-gnu-toolchain/bin/../lib/gcc/avr/5.4.0/avr5\libgcc.a(_tablejump2.o)
 .text.libgcc   0x00000000        0xc c:/program files (x86)/atmel/studio/7.0/toolchain/avr8/avr8-gnu-toolchain/bin/../lib/gcc/avr/5.4.0/avr5\libgcc.a(_tablejump2.o)
 .text.libgcc.prologue
                0x00000000        0x0 c:/program files (x86)/atmel/studio/7.0/toolchain/avr8/avr8-gnu-toolchain/bin/../lib/gcc/avr/5.4.0/avr5\libgcc.a(_tablejump2.o)
 .text.libgcc.builtins
                0x00000000        0x0 c:/program files (x86)/atmel/studio/7.0/toolchain/avr8/avr8-gnu-toolchain/bin/../lib/gcc/avr/5.4.0/avr5\libgcc.a(_tablejump2.o)
 .text.libgcc.fmul
                0x00000000        0x0 c:/program files (x86)/atmel/studio/7.0/toolchain/avr8/avr8-gnu-toolchain/bin/../lib/gcc/avr/5.4.0/avr5\libgcc.a(_tablejump2.o)
 .text.libgcc.fixed
                0x00000000        0x0 c:/program files (x86)/atmel/studio/7.0/toolchain/avr8/avr8-gnu-toolchain/bin/../lib/gcc/avr/5.4.0/avr5\libgcc.a(_tablejump2.o)
 .text          0x00000000        0x0 c:/program files (x86)/atmel/studio/7.0/toolchain/avr8/avr8-gnu-toolchain/bin/../lib/gcc/avr/5.4.0/avr5\libgcc.a(_copy_data.o)
 .data          0x00000000        0x0 c:/program files (x86)/atmel/studio/7.0/toolchain/avr8/avr8-gnu-toolchain/bin/../lib/gcc/avr/5.4.0/avr5\libgcc.a(_copy_data.o)
 .bss           0x00000000        0x0 c:/program files (x86)/atmel/studio/7.0/toolchain/avr8/avr8-gnu-toolchain/bin/../lib/gcc/avr/5.4.0/avr5\libgcc.a(_copy_data.o)
 .text.libgcc.mul
                0x00000000        0x0 c:/program files (x86)/atmel/studio/7.0/toolchain/avr8/avr8-gnu-toolchain/bin/../lib/gcc/avr/5.4.0/avr5\libgcc.a(_copy_data.o)
 .text.libgcc.div
                0x00000000        0x0 c:/program files (x86)/atmel/studio/7.0/toolchain/avr8/avr8-gnu-toolchain/bin/../lib/gcc/avr/5.4.0/avr5\libgcc.a(_copy_data.o)
 .text.libgcc   0x00000000        0x0 c:/program files (x86)/atmel/studio/7.0/toolchain/avr8/avr8-gnu-toolchain/bin/../lib/gcc/avr/5.4.0/avr5\libgcc.a(_copy_data.o)
 .text.libgcc.prologue
                0x00000000        0x0 c:/program files (x86)/atmel/studio/7.0/toolchain/avr8/avr8-gnu-toolchain/bin/../lib/gcc/avr/5.4.0/avr5\libgcc.a(_copy_data.o)
 .text.libgcc.builtins
                0x00000000        0x0 c:/program files (x86)/atmel/studio/7.0/toolchain/avr8/avr8-gnu-toolchain/bin/../lib/gcc/avr/5.4.0/avr5\libgcc.a(_copy_data.o)
 .text.libgcc.fmul
                0x00000000        0x0 c:/program files (x86)/atmel/studio/7.0/toolchain/avr8/avr8-gnu-toolchain/bin/../lib/gcc/avr/5.4.0/avr5\libgcc.a(_copy_data.o)
 .text.libgcc.fixed
                0x00000000        0x0 c:/program files (x86)/atmel/studio/7.0/toolchain/avr8/avr8-gnu-toolchain/bin/../lib/gcc/avr/5.4.0/avr5\libgcc.a(_copy_data.o)
 .text          0x00000000        0x0 c:/program files (x86)/atmel/studio/7.0/toolchain/avr8/avr8-gnu-toolchain/bin/../lib/gcc/avr/5.4.0/avr5\libgcc.a(_clear_bss.o)
 .data          0x00000000        0x0 c:/program files (x86)/atmel/studio/7.0/toolchain/avr8/avr8-gnu-toolchain/bin/../lib/gcc/avr/5.4.0/avr5\libgcc.a(_clear_bss.o)
 .bss           0x00000000        0x0 c:/program files (x86)/atmel/studio/7.0/toolchain/avr8/avr8-gnu-toolchain/bin/../lib/gcc/avr/5.4.0/avr5\libgcc.a(_clear_bss.o)
 .text.libgcc.mul
                0x00000000        0x0 c:/program files (x86)/atmel/studio/7.0/toolchain/avr8/avr8-gnu-toolchain/bin/../lib/gcc/avr/5.4.0/avr5\libgcc.a(_clear_bss.o)
 .text.libgcc.div
                0x00000000        0x0 c:/program files (x86)/atmel/studio/7.0/toolchain/avr8/avr8-gnu-toolchain/bin/../lib/gcc/avr/5.4.0/avr5\libgcc.a(_clear_bss.o)
 .text.libgcc   0x00000000        0x0 c:/program files (x86)/atmel/studio/7.0/toolchain/avr8/avr8-gnu-toolchain/bin/../lib/gcc/avr/5.4.0/avr5\libgcc.a(_clear_bss.o)
 .text.libgcc.prologue
                0x00000000        0x0 c:/program files (x86)/atmel/studio/7.0/toolchain/avr8/avr8-gnu-toolchain/bin/../lib/gcc/avr/5.4.0/avr5\libgcc.a(_clear_bss.o)
 .text.libgcc.builtins
                0x00000000        0x0 c:/program files (x86)/atmel/studio/7.0/toolchain/avr8/avr8-gnu-toolchain/bin/../lib/gcc/avr/5.4.0/avr5\libgcc.a(_clear_bss.o)
 .text.libgcc.fmul
                0x00000000        0x0 c:/program files (x86)/atmel/studio/7.0/toolchain/avr8/avr8-gnu-toolchain/bin/../lib/gcc/avr/5.4.0/avr5\libgcc.a(_clear_bss.o)
 .text.libgcc.fixed
                0x00000000        0x0 c:/program files (x86)/atmel/studio/7.0/toolchain/avr8/avr8-gnu-toolchain/bin/../lib/gcc/avr/5.4.0/avr5\libgcc.a(_clear_bss.o)
 .text          0x00000000        0x0 c:/program files (x86)/atmel/studio/7.0/toolchain/avr8/avr8-gnu-toolchain/bin/../lib/gcc/avr/5.4.0/../../../../avr/lib/avr5\libc.a(strncpy.o)
 .data          0x00000000        0x0 c:/program files (x86)/atmel/studio/7.0/toolchain/avr8/avr8-gnu-toolchain/bin/../lib/gcc/avr/5.4.0/../../../../avr/lib/avr5\libc.a(strncpy.o)
 .bss           0x00000000        0x0 c:/program files (x86)/atmel/studio/7.0/toolchain/avr8/avr8-gnu-toolchain/bin/../lib/gcc/avr/5.4.0/../../../../avr/lib/avr5\libc.a(strncpy.o)
 .text.avr-libc
                0x00000000       0x1e c:/program files (x86)/atmel/studio/7.0/toolchain/avr8/avr8-gnu-toolchain/bin/../lib/gcc/avr/5.4.0/../../../../avr/lib/avr5\libc.a(strncpy.o)

Memory Configuration

Name             Origin             Length             Attributes
text             0x00000000         0x00020000         xr
data             0x00800060         0x0000ffa0         rw !x
eeprom           0x00810000         0x00010000         rw !x
fuse             0x00820000         0x00000003         rw !x
lock             0x00830000         0x00000400         rw !x
signature        0x00840000         0x00000400         rw !x
user_signatures  0x00850000         0x00000400         rw !x
*default*        0x00000000         0xffffffff

Linker script and memory map

Address of section .data set to 0x800100
LOAD C:/Program Files (x86)/Atmel/Studio/7.0/Packs/atmel/ATmega_DFP/1.2.209/gcc/dev/atmega64/avr5/crtatmega64.o
LOAD src/ATMega/fifth_wheel.o
LOAD src/ATMega/gear_shifter.o
LOAD src/ATMega/imu_task.o
LOAD src/ATMega/motor_driver.o
LOAD src/ATMega/Servo.o
LOAD src/ATMega/steer_servo.o
LOAD src/ATMega/wheel_speed.o
LOAD src/config/mega/boards/stk600/rcx_x/init.o
LOAD src/include/Adafruit_BNO055.o
LOAD src/include/base232.o
LOAD src/include/baseshare.o
LOAD src/include/emstream.o
LOAD src/include/i2c_master.o
LOAD src/include/mechutil.o
LOAD src/include/rs232int.o
LOAD src/include/taskbase.o
LOAD src/include/taskbase_stackprt.o
LOAD src/include/taskbase_status.o
LOAD src/include/textqueue.o
LOAD src/main.o
LOAD src/main_mega.o
START GROUP
LOAD c:/program files (x86)/atmel/studio/7.0/toolchain/avr8/avr8-gnu-toolchain/bin/../lib/gcc/avr/5.4.0/../../../../avr/lib/avr5\libm.a
END GROUP
LOAD c:/program files (x86)/atmel/studio/7.0/toolchain/avr8/avr8-gnu-toolchain/bin/../lib/gcc/avr/5.4.0/avr5\libgcc.a
LOAD c:/program files (x86)/atmel/studio/7.0/toolchain/avr8/avr8-gnu-toolchain/bin/../lib/gcc/avr/5.4.0/../../../../avr/lib/avr5\libm.a
START GROUP
LOAD c:/program files (x86)/atmel/studio/7.0/toolchain/avr8/avr8-gnu-toolchain/bin/../lib/gcc/avr/5.4.0/avr5\libgcc.a
LOAD c:/program files (x86)/atmel/studio/7.0/toolchain/avr8/avr8-gnu-toolchain/bin/../lib/gcc/avr/5.4.0/../../../../avr/lib/avr5\libm.a
LOAD c:/program files (x86)/atmel/studio/7.0/toolchain/avr8/avr8-gnu-toolchain/bin/../lib/gcc/avr/5.4.0/../../../../avr/lib/avr5\libc.a
LOAD C:/Program Files (x86)/Atmel/Studio/7.0/Packs/atmel/ATmega_DFP/1.2.209/gcc/dev/atmega64/avr5\libatmega64.a
END GROUP
                0x00020000                __TEXT_REGION_LENGTH__ = DEFINED (__TEXT_REGION_LENGTH__)?__TEXT_REGION_LENGTH__:0x20000
                0x0000ffa0                __DATA_REGION_LENGTH__ = DEFINED (__DATA_REGION_LENGTH__)?__DATA_REGION_LENGTH__:0xffa0
                0x00010000                __EEPROM_REGION_LENGTH__ = DEFINED (__EEPROM_REGION_LENGTH__)?__EEPROM_REGION_LENGTH__:0x10000
                [0x00000003]                __FUSE_REGION_LENGTH__ = DEFINED (__FUSE_REGION_LENGTH__)?__FUSE_REGION_LENGTH__:0x400
                0x00000400                __LOCK_REGION_LENGTH__ = DEFINED (__LOCK_REGION_LENGTH__)?__LOCK_REGION_LENGTH__:0x400
                0x00000400                __SIGNATURE_REGION_LENGTH__ = DEFINED (__SIGNATURE_REGION_LENGTH__)?__SIGNATURE_REGION_LENGTH__:0x400
                0x00000400                __USER_SIGNATURE_REGION_LENGTH__ = DEFINED (__USER_SIGNATURE_REGION_LENGTH__)?__USER_SIGNATURE_REGION_LENGTH__:0x400

.hash
 *(.hash)

.dynsym
 *(.dynsym)

.dynstr
 *(.dynstr)

.gnu.version
 *(.gnu.version)

.gnu.version_d
 *(.gnu.version_d)

.gnu.version_r
 *(.gnu.version_r)

.rel.init
 *(.rel.init)

.rela.init
 *(.rela.init)

.rel.text
 *(.rel.text)
 *(.rel.text.*)
 *(.rel.gnu.linkonce.t*)

.rela.text
 *(.rela.text)
 *(.rela.text.*)
 *(.rela.gnu.linkonce.t*)

.rel.fini
 *(.rel.fini)

.rela.fini
 *(.rela.fini)

.rel.rodata
 *(.rel.rodata)
 *(.rel.rodata.*)
 *(.rel.gnu.linkonce.r*)

.rela.rodata
 *(.rela.rodata)
 *(.rela.rodata.*)
 *(.rela.gnu.linkonce.r*)

.rel.data
 *(.rel.data)
 *(.rel.data.*)
 *(.rel.gnu.linkonce.d*)

.rela.data
 *(.rela.data)
 *(.rela.data.*)
 *(.rela.gnu.linkonce.d*)

.rel.ctors
 *(.rel.ctors)

.rela.ctors
 *(.rela.ctors)

.rel.dtors
 *(.rel.dtors)

.rela.dtors
 *(.rela.dtors)

.rel.got
 *(.rel.got)

.rela.got
 *(.rela.got)

.rel.bss
 *(.rel.bss)

.rela.bss
 *(.rela.bss)

.rel.plt
 *(.rel.plt)

.rela.plt
 *(.rela.plt)

.text           0x00000000      0x22a
 *(.vectors)
 .vectors       0x00000000       0x8c C:/Program Files (x86)/Atmel/Studio/7.0/Packs/atmel/ATmega_DFP/1.2.209/gcc/dev/atmega64/avr5/crtatmega64.o
                0x00000000                __vector_default
                0x00000000                __vectors
 *(.vectors)
 *(.progmem.gcc*)
                0x0000008c                . = ALIGN (0x2)
                0x0000008c                __trampolines_start = .
 *(.trampolines)
 .trampolines   0x0000008c        0x0 linker stubs
 *(.trampolines*)
                0x0000008c                __trampolines_end = .
 *libprintf_flt.a:*(.progmem.data)
 *libc.a:*(.progmem.data)
 *(.progmem*)
                0x0000008c                . = ALIGN (0x2)
 *(.jumptables)
 *(.jumptables*)
 *(.lowtext)
 *(.lowtext*)
                0x0000008c                __ctors_start = .
 *(.ctors)
                0x0000008c                __ctors_end = .
                0x0000008c                __dtors_start = .
 *(.dtors)
                0x0000008c                __dtors_end = .
 SORT(*)(.ctors)
 SORT(*)(.dtors)
 *(.init0)
 .init0         0x0000008c        0x0 C:/Program Files (x86)/Atmel/Studio/7.0/Packs/atmel/ATmega_DFP/1.2.209/gcc/dev/atmega64/avr5/crtatmega64.o
                0x0000008c                __init
 *(.init0)
 *(.init1)
 *(.init1)
 *(.init2)
 .init2         0x0000008c        0xc C:/Program Files (x86)/Atmel/Studio/7.0/Packs/atmel/ATmega_DFP/1.2.209/gcc/dev/atmega64/avr5/crtatmega64.o
 *(.init2)
 *(.init3)
 *(.init3)
 *(.init4)
 .init4         0x00000098       0x16 c:/program files (x86)/atmel/studio/7.0/toolchain/avr8/avr8-gnu-toolchain/bin/../lib/gcc/avr/5.4.0/avr5\libgcc.a(_copy_data.o)
                0x00000098                __do_copy_data
 .init4         0x000000ae       0x10 c:/program files (x86)/atmel/studio/7.0/toolchain/avr8/avr8-gnu-toolchain/bin/../lib/gcc/avr/5.4.0/avr5\libgcc.a(_clear_bss.o)
                0x000000ae                __do_clear_bss
 *(.init4)
 *(.init5)
 *(.init5)
 *(.init6)
 *(.init6)
 *(.init7)
 *(.init7)
 *(.init8)
 *(.init8)
 *(.init9)
 .init9         0x000000be        0x8 C:/Program Files (x86)/Atmel/Studio/7.0/Packs/atmel/ATmega_DFP/1.2.209/gcc/dev/atmega64/avr5/crtatmega64.o
 *(.init9)
 *(.text)
 .text          0x000000c6        0x4 C:/Program Files (x86)/Atmel/Studio/7.0/Packs/atmel/ATmega_DFP/1.2.209/gcc/dev/atmega64/avr5/crtatmega64.o
                0x000000c6                __vector_22
                0x000000c6                __vector_28
                0x000000c6                __vector_1
                0x000000c6                __vector_32
                0x000000c6                __vector_34
                0x000000c6                __vector_24
                0x000000c6                __vector_12
                0x000000c6                __bad_interrupt
                0x000000c6                __vector_6
                0x000000c6                __vector_31
                0x000000c6                __vector_3
                0x000000c6                __vector_23
                0x000000c6                __vector_25
                0x000000c6                __vector_11
                0x000000c6                __vector_13
                0x000000c6                __vector_17
                0x000000c6                __vector_19
                0x000000c6                __vector_7
                0x000000c6                __vector_27
                0x000000c6                __vector_5
                0x000000c6                __vector_33
                0x000000c6                __vector_4
                0x000000c6                __vector_9
                0x000000c6                __vector_2
                0x000000c6                __vector_21
                0x000000c6                __vector_15
                0x000000c6                __vector_29
                0x000000c6                __vector_8
                0x000000c6                __vector_26
                0x000000c6                __vector_14
                0x000000c6                __vector_10
                0x000000c6                __vector_16
                0x000000c6                __vector_20
                0x000000ca                . = ALIGN (0x2)
 *(.text.*)
 .text.board_init
                0x000000ca        0x2 src/config/mega/boards/stk600/rcx_x/init.o
                0x000000ca                board_init
 .text.__vector_18
                0x000000cc       0xa6 src/include/rs232int.o
                0x000000cc                __vector_18
 .text.__vector_30
                0x00000172       0xa8 src/include/rs232int.o
                0x00000172                __vector_30
 .text.main     0x0000021a        0xc src/main.o
                0x0000021a                main
                0x00000226                . = ALIGN (0x2)
 *(.fini9)
 .fini9         0x00000226        0x0 c:/program files (x86)/atmel/studio/7.0/toolchain/avr8/avr8-gnu-toolchain/bin/../lib/gcc/avr/5.4.0/avr5\libgcc.a(_exit.o)
                0x00000226                _exit
                0x00000226                exit
 *(.fini9)
 *(.fini8)
 *(.fini8)
 *(.fini7)
 *(.fini7)
 *(.fini6)
 *(.fini6)
 *(.fini5)
 *(.fini5)
 *(.fini4)
 *(.fini4)
 *(.fini3)
 *(.fini3)
 *(.fini2)
 *(.fini2)
 *(.fini1)
 *(.fini1)
 *(.fini0)
 .fini0         0x00000226        0x4 c:/program files (x86)/atmel/studio/7.0/toolchain/avr8/avr8-gnu-toolchain/bin/../lib/gcc/avr/5.4.0/avr5\libgcc.a(_exit.o)
 *(.fini0)
                0x0000022a                _etext = .

.data           0x00800100        0x0 load address 0x0000022a
                0x00800100                PROVIDE (__data_start, .)
 *(.data)
 *(.data*)
 *(.gnu.linkonce.d*)
 *(.rodata)
 *(.rodata*)
 *(.gnu.linkonce.r*)
                0x00800100                . = ALIGN (0x2)
                0x00800100                _edata = .
                0x00800100                PROVIDE (__data_end, .)

.bss            0x00800100        0xc
                0x00800100                PROVIDE (__bss_start, .)
 *(.bss)
 *(.bss*)
 .bss.rcv1_write_index
                0x00800100        0x2 src/include/rs232int.o
                0x00800100                rcv1_write_index
 .bss.rcv1_read_index
                0x00800102        0x2 src/include/rs232int.o
                0x00800102                rcv1_read_index
 .bss.rcv1_buffer
                0x00800104        0x2 src/include/rs232int.o
                0x00800104                rcv1_buffer
 .bss.rcv0_write_index
                0x00800106        0x2 src/include/rs232int.o
                0x00800106                rcv0_write_index
 .bss.rcv0_read_index
                0x00800108        0x2 src/include/rs232int.o
                0x00800108                rcv0_read_index
 .bss.rcv0_buffer
                0x0080010a        0x2 src/include/rs232int.o
                0x0080010a                rcv0_buffer
 *(COMMON)
                0x0080010c                PROVIDE (__bss_end, .)
                0x0000022a                __data_load_start = LOADADDR (.data)
                0x0000022a                __data_load_end = (__data_load_start + SIZEOF (.data))

.noinit         0x0080010c        0x0
                [!provide]                PROVIDE (__noinit_start, .)
 *(.noinit*)
                [!provide]                PROVIDE (__noinit_end, .)
                0x0080010c                _end = .
                [!provide]                PROVIDE (__heap_start, .)

.eeprom         0x00810000        0x0
 *(.eeprom*)
                0x00810000                __eeprom_end = .

.fuse
 *(.fuse)
 *(.lfuse)
 *(.hfuse)
 *(.efuse)

.lock
 *(.lock*)

.signature
 *(.signature*)

.user_signatures
 *(.user_signatures*)

.stab
 *(.stab)

.stabstr
 *(.stabstr)

.stab.excl
 *(.stab.excl)

.stab.exclstr
 *(.stab.exclstr)

.stab.index
 *(.stab.index)

.stab.indexstr
 *(.stab.indexstr)

.comment        0x00000000       0x30
 *(.comment)
 .comment       0x00000000       0x30 src/config/mega/boards/stk600/rcx_x/init.o
                                 0x31 (size before relaxing)
 .comment       0x00000030       0x31 src/include/rs232int.o
 .comment       0x00000030       0x31 src/main.o

.note.gnu.avr.deviceinfo
                0x00000000       0x3c
 .note.gnu.avr.deviceinfo
                0x00000000       0x3c C:/Program Files (x86)/Atmel/Studio/7.0/Packs/atmel/ATmega_DFP/1.2.209/gcc/dev/atmega64/avr5/crtatmega64.o

.note.gnu.build-id
 *(.note.gnu.build-id)

.debug
 *(.debug)

.line
 *(.line)

.debug_srcinfo
 *(.debug_srcinfo)

.debug_sfnames
 *(.debug_sfnames)

.debug_aranges  0x00000000       0x90
 *(.debug_aranges)
 .debug_aranges
                0x00000000       0x20 src/config/mega/boards/stk600/rcx_x/init.o
 .debug_aranges
                0x00000020       0x50 src/include/rs232int.o
 .debug_aranges
                0x00000070       0x20 src/main.o

.debug_pubnames
 *(.debug_pubnames)

.debug_info     0x00000000      0xda9
 *(.debug_info .gnu.linkonce.wi.*)
 .debug_info    0x00000000      0x780 C:/Program Files (x86)/Atmel/Studio/7.0/Packs/atmel/ATmega_DFP/1.2.209/gcc/dev/atmega64/avr5/crtatmega64.o
 .debug_info    0x00000780       0x7c src/config/mega/boards/stk600/rcx_x/init.o
 .debug_info    0x000007fc      0x4fb src/include/rs232int.o
 .debug_info    0x00000cf7       0xb2 src/main.o

.debug_abbrev   0x00000000      0xa4e
 *(.debug_abbrev)
 .debug_abbrev  0x00000000      0x718 C:/Program Files (x86)/Atmel/Studio/7.0/Packs/atmel/ATmega_DFP/1.2.209/gcc/dev/atmega64/avr5/crtatmega64.o
 .debug_abbrev  0x00000718       0x47 src/config/mega/boards/stk600/rcx_x/init.o
 .debug_abbrev  0x0000075f      0x26d src/include/rs232int.o
 .debug_abbrev  0x000009cc       0x82 src/main.o

.debug_line     0x00000000      0x7cf
 *(.debug_line .debug_line.* .debug_line_end)
 .debug_line    0x00000000      0x169 C:/Program Files (x86)/Atmel/Studio/7.0/Packs/atmel/ATmega_DFP/1.2.209/gcc/dev/atmega64/avr5/crtatmega64.o
 .debug_line    0x00000169      0x312 src/config/mega/boards/stk600/rcx_x/init.o
 .debug_line    0x0000047b      0x271 src/include/rs232int.o
 .debug_line    0x000006ec       0xe3 src/main.o

.debug_frame    0x00000000      0x138
 *(.debug_frame)
 .debug_frame   0x00000000       0x24 src/config/mega/boards/stk600/rcx_x/init.o
 .debug_frame   0x00000024       0xf0 src/include/rs232int.o
 .debug_frame   0x00000114       0x24 src/main.o

.debug_str      0x00000000    0x10602
 *(.debug_str)
 .debug_str     0x00000000      0x27e C:/Program Files (x86)/Atmel/Studio/7.0/Packs/atmel/ATmega_DFP/1.2.209/gcc/dev/atmega64/avr5/crtatmega64.o
 .debug_str     0x0000027e    0x10038 src/config/mega/boards/stk600/rcx_x/init.o
                              0x101e0 (size before relaxing)
 .debug_str     0x000102b6      0x32f src/include/rs232int.o
                                0x3ec (size before relaxing)
 .debug_str     0x000105e5       0x1d src/main.o
                                0x1c4 (size before relaxing)

.debug_loc      0x00000000      0x342
 *(.debug_loc)
 .debug_loc     0x00000000      0x323 src/include/rs232int.o
 .debug_loc     0x00000323       0x1f src/main.o

.debug_macinfo
 *(.debug_macinfo)

.debug_weaknames
 *(.debug_weaknames)

.debug_funcnames
 *(.debug_funcnames)

.debug_typenames
 *(.debug_typenames)

.debug_varnames
 *(.debug_varnames)

.debug_pubtypes
 *(.debug_pubtypes)

.debug_ranges   0x00000000       0x60
 *(.debug_ranges)
 .debug_ranges  0x00000000       0x10 src/config/mega/boards/stk600/rcx_x/init.o
 .debug_ranges  0x00000010       0x40 src/include/rs232int.o
 .debug_ranges  0x00000050       0x10 src/main.o

.debug_macro    0x00000000     0x3893
 *(.debug_macro)
 .debug_macro   0x00000000      0x134 src/config/mega/boards/stk600/rcx_x/init.o
 .debug_macro   0x00000134      0xa4e src/config/mega/boards/stk600/rcx_x/init.o
 .debug_macro   0x00000b82       0x10 src/config/mega/boards/stk600/rcx_x/init.o
 .debug_macro   0x00000b92      0x1c9 src/config/mega/boards/stk600/rcx_x/init.o
 .debug_macro   0x00000d5b      0x2fc src/config/mega/boards/stk600/rcx_x/init.o
 .debug_macro   0x00001057       0x9e src/config/mega/boards/stk600/rcx_x/init.o
 .debug_macro   0x000010f5     0x1543 src/config/mega/boards/stk600/rcx_x/init.o
 .debug_macro   0x00002638      0x203 src/config/mega/boards/stk600/rcx_x/init.o
 .debug_macro   0x0000283b       0xbd src/config/mega/boards/stk600/rcx_x/init.o
 .debug_macro   0x000028f8       0x34 src/config/mega/boards/stk600/rcx_x/init.o
 .debug_macro   0x0000292c       0x18 src/config/mega/boards/stk600/rcx_x/init.o
 .debug_macro   0x00002944       0x6c src/config/mega/boards/stk600/rcx_x/init.o
 .debug_macro   0x000029b0       0x22 src/config/mega/boards/stk600/rcx_x/init.o
 .debug_macro   0x000029d2      0x16d src/config/mega/boards/stk600/rcx_x/init.o
 .debug_macro   0x00002b3f       0x1c src/config/mega/boards/stk600/rcx_x/init.o
 .debug_macro   0x00002b5b       0x35 src/config/mega/boards/stk600/rcx_x/init.o
 .debug_macro   0x00002b90       0x66 src/config/mega/boards/stk600/rcx_x/init.o
 .debug_macro   0x00002bf6      0x6d7 src/config/mega/boards/stk600/rcx_x/init.o
 .debug_macro   0x000032cd       0x43 src/config/mega/boards/stk600/rcx_x/init.o
 .debug_macro   0x00003310       0x69 src/config/mega/boards/stk600/rcx_x/init.o
 .debug_macro   0x00003379       0x2b src/config/mega/boards/stk600/rcx_x/init.o
 .debug_macro   0x000033a4       0x10 src/config/mega/boards/stk600/rcx_x/init.o
 .debug_macro   0x000033b4       0xe2 src/config/mega/boards/stk600/rcx_x/init.o
 .debug_macro   0x00003496       0x40 src/config/mega/boards/stk600/rcx_x/init.o
 .debug_macro   0x000034d6      0x100 src/config/mega/boards/stk600/rcx_x/init.o
 .debug_macro   0x000035d6      0x2bd src/config/mega/boards/stk600/rcx_x/init.o
OUTPUT(ME507.elf elf32-avr)
LOAD linker stubs
